
> frontend@0.0.0 test
> vitest run --run


[1m[30m[46m RUN [49m[39m[22m [36mv4.1.9 [39m[90mF:/WP/YieldX/frontend[39m

node.exe : [31mΓÄ»ΓÄ»ΓÄ»ΓÄ»ΓÄ»ΓÄ»[39m[1m[41m Unhandled Errors [49m[22m[31mΓÄ»ΓÄ»ΓÄ»ΓÄ»ΓÄ»ΓÄ»[39m
At line:1 char:1
+ & "C:\Program Files\nodejs/node.exe" "C:\Users\My\AppData\Roaming\npm ...
+ ~~~~~~~~~~~~~~~~~~~~~~~~~~~~~~~~~~~~~~~~~~~~~~~~~~~~~~~~~~~~~~~~~~~~~
    + CategoryInfo          : NotSpecified: ([31mΓÄ»ΓÄ»ΓÄ»Γ...»ΓÄ»ΓÄ»ΓÄ»[39m:String) [], RemoteException
    + FullyQualifiedErrorId : NativeCommandError
 
[31m[1m
Vitest caught 5 unhandled errors during the test run.
This might cause false positive tests. Resolve unhandled errors to make sure your tests are not affected.[22m[39m

[31mΓÄ»ΓÄ»ΓÄ»ΓÄ»ΓÄ»ΓÄ»[39m[1m[41m Unhandled Error [49m[22m[31mΓÄ»ΓÄ»ΓÄ»ΓÄ»ΓÄ»ΓÄ»ΓÄ»[39m
[31m[1mError[22m: [vitest-pool]: Failed to start forks worker for test files 
F:/WP/YieldX/frontend/src/__tests__/Pages.test.jsx.[39m
[90m [2mΓ¥»[22m node_modules/vitest/dist/chunks/cli-api.24X8XwN1.js:[2m3465:94[22m[39m
[90m [2mΓ¥»[22m runNextTicks node:internal/process/task_queues:[2m64:5[22m[39m
[90m [2mΓ¥»[22m listOnTimeout node:internal/timers:[2m567:9[22m[39m
[90m [2mΓ¥»[22m processTimers node:internal/timers:[2m541:7[22m[39m
[90m [2mΓ¥»[22m Pool.schedule node_modules/vitest/dist/chunks/cli-api.24X8XwN1.js:[2m3465:5[22m[39m

[31m[1mCaused by: Error[22m: [vitest-pool-runner]: Timeout waiting for worker to respond[39m
[90m [2mΓ¥»[22m Timeout.<anonymous> node_modules/vitest/dist/chunks/cli-api.24X8XwN1.js:[2m3041:58[22m[39m
[90m [2mΓ¥»[22m listOnTimeout node:internal/timers:[2m605:17[22m[39m
[90m [2mΓ¥»[22m processTimers node:internal/timers:[2m541:7[22m[39m


[31mΓÄ»ΓÄ»ΓÄ»ΓÄ»ΓÄ»ΓÄ»[39m[1m[41m Unhandled Error [49m[22m[31mΓÄ»ΓÄ»ΓÄ»ΓÄ»ΓÄ»ΓÄ»ΓÄ»[39m
[31m[1mError[22m: [vitest-pool]: Failed to start forks worker for test files 
F:/WP/YieldX/frontend/src/App.test.jsx.[39m
[90m [2mΓ¥»[22m node_modules/vitest/dist/chunks/cli-api.24X8XwN1.js:[2m3465:94[22m[39m
[90m [2mΓ¥»[22m runNextTicks node:internal/process/task_queues:[2m64:5[22m[39m
[90m [2mΓ¥»[22m listOnTimeout node:internal/timers:[2m567:9[22m[39m
[90m [2mΓ¥»[22m processTimers node:internal/timers:[2m541:7[22m[39m
[90m [2mΓ¥»[22m Pool.schedule node_modules/vitest/dist/chunks/cli-api.24X8XwN1.js:[2m3465:5[22m[39m

[31m[1mCaused by: Error[22m: [vitest-pool-runner]: Timeout waiting for worker to respond[39m
[90m [2mΓ¥»[22m Timeout.<anonymous> node_modules/vitest/dist/chunks/cli-api.24X8XwN1.js:[2m3041:58[22m[39m
[90m [2mΓ¥»[22m listOnTimeout node:internal/timers:[2m605:17[22m[39m
[90m [2mΓ¥»[22m processTimers node:internal/timers:[2m541:7[22m[39m


[31mΓÄ»ΓÄ»ΓÄ»ΓÄ»ΓÄ»ΓÄ»[39m[1m[41m Unhandled Error [49m[22m[31mΓÄ»ΓÄ»ΓÄ»ΓÄ»ΓÄ»ΓÄ»ΓÄ»[39m
[31m[1mError[22m: [vitest-pool]: Failed to start forks worker for test files 
F:/WP/YieldX/frontend/src/__tests__/Tooltip.test.jsx.[39m
[90m [2mΓ¥»[22m node_modules/vitest/dist/chunks/cli-api.24X8XwN1.js:[2m3465:94[22m[39m
[90m [2mΓ¥»[22m runNextTicks node:internal/process/task_queues:[2m64:5[22m[39m
[90m [2mΓ¥»[22m listOnTimeout node:internal/timers:[2m567:9[22m[39m
[90m [2mΓ¥»[22m processTimers node:internal/timers:[2m541:7[22m[39m
[90m [2mΓ¥»[22m Pool.schedule node_modules/vitest/dist/chunks/cli-api.24X8XwN1.js:[2m3465:5[22m[39m

[31m[1mCaused by: Error[22m: [vitest-pool-runner]: Timeout waiting for worker to respond[39m
[90m [2mΓ¥»[22m Timeout.<anonymous> node_modules/vitest/dist/chunks/cli-api.24X8XwN1.js:[2m3041:58[22m[39m
[90m [2mΓ¥»[22m listOnTimeout node:internal/timers:[2m605:17[22m[39m
[90m [2mΓ¥»[22m processTimers node:internal/timers:[2m541:7[22m[39m


[31mΓÄ»ΓÄ»ΓÄ»ΓÄ»ΓÄ»ΓÄ»[39m[1m[41m Unhandled Error [49m[22m[31mΓÄ»ΓÄ»ΓÄ»ΓÄ»ΓÄ»ΓÄ»ΓÄ»[39m
[31m[1mError[22m: [vitest-pool]: Failed to start forks worker for test files 
F:/WP/YieldX/frontend/src/__tests__/apiService.test.js.[39m
[90m [2mΓ¥»[22m node_modules/vitest/dist/chunks/cli-api.24X8XwN1.js:[2m3465:94[22m[39m
[90m [2mΓ¥»[22m runNextTicks node:internal/process/task_queues:[2m64:5[22m[39m
[90m [2mΓ¥»[22m listOnTimeout node:internal/timers:[2m567:9[22m[39m
[90m [2mΓ¥»[22m processTimers node:internal/timers:[2m541:7[22m[39m
[90m [2mΓ¥»[22m Pool.schedule node_modules/vitest/dist/chunks/cli-api.24X8XwN1.js:[2m3465:5[22m[39m

[31m[1mCaused by: Error[22m: [vitest-pool-runner]: Timeout waiting for worker to respond[39m
[90m [2mΓ¥»[22m Timeout.<anonymous> node_modules/vitest/dist/chunks/cli-api.24X8XwN1.js:[2m3041:58[22m[39m
[90m [2mΓ¥»[22m listOnTimeout node:internal/timers:[2m605:17[22m[39m
[90m [2mΓ¥»[22m processTimers node:internal/timers:[2m541:7[22m[39m


[31mΓÄ»ΓÄ»ΓÄ»ΓÄ»ΓÄ»ΓÄ»[39m[1m[41m Unhandled Error [49m[22m[31mΓÄ»ΓÄ»ΓÄ»ΓÄ»ΓÄ»ΓÄ»ΓÄ»[39m
[31m[1mError[22m: [vitest-pool]: Failed to start forks worker for test files 
F:/WP/YieldX/frontend/src/__tests__/unitConversion.test.js.[39m
[90m [2mΓ¥»[22m node_modules/vitest/dist/chunks/cli-api.24X8XwN1.js:[2m3465:94[22m[39m
[90m [2mΓ¥»[22m Pool.schedule node_modules/vitest/dist/chunks/cli-api.24X8XwN1.js:[2m3465:5[22m[39m

[31m[1mCaused by: Error[22m: [vitest-pool-runner]: Timeout waiting for worker to respond[39m
[90m [2mΓ¥»[22m Timeout.<anonymous> node_modules/vitest/dist/chunks/cli-api.24X8XwN1.js:[2m3041:58[22m[39m
[90m [2mΓ¥»[22m listOnTimeout node:internal/timers:[2m605:17[22m[39m
[90m [2mΓ¥»[22m processTimers node:internal/timers:[2m541:7[22m[39m

[31mΓÄ»ΓÄ»ΓÄ»ΓÄ»ΓÄ»ΓÄ»ΓÄ»ΓÄ»ΓÄ»ΓÄ»ΓÄ»ΓÄ»ΓÄ»ΓÄ»ΓÄ»ΓÄ»ΓÄ»ΓÄ»ΓÄ»ΓÄ»ΓÄ»ΓÄ»ΓÄ»ΓÄ»ΓÄ»ΓÄ»ΓÄ»ΓÄ»ΓÄ»ΓÄ»[39m


[2m Test Files [22m [2mno tests[22m
[2m      Tests [22m [2mno tests[22m
[2m     Errors [22m [1m[31m5 errors[39m[22m
[2m   Start at [22m 23:22:09
[2m   Duration [22m 60.41s[2m (transform 0ms, setup 0ms, import 0ms, tests 0ms, environment 0ms)[22m

